============================================================
PropEdge V9.2 — BATCH 1: PREDICT
  Date: 2026-03-30 | 2026-03-30 08:00 UTC+01:00
============================================================

  Fetching props for 2026-03-30 (Batch 1)...
    Credits: 1081 events
    8 games on 2026-03-30
    Credits: 1075 
    ✓ PHI @ MIA: 12 props
    Credits: 1069 
    ✓ BOS @ ATL: 13 props
    Credits: 1063 
    ✓ CHI @ SAS: 15 props
    Credits: 1057 
    ✓ PHX @ MEM: 12 props
    Credits: 1051 
    ✓ MIN @ DAL: 15 props
    Credits: 1045 
    ✓ CLE @ UTA: 12 props
    Credits: 1039 
    ✓ DET @ OKC: 12 props
    Credits: 1033 
    ✓ WAS @ LAL: 12 props
  Total: 103 props across 8 games

  Running predictions (live rolling, DNP-safe)...
  101 predictions (97 conviction + 4 leans, 2 skipped)
    Skips: 2 no_player

  ✓ today.json: 101 plays (8 T1, 16 T2)
    Added:101 Updated:0 Preserved:0
  ✓ Daily Excel: 2026-03-30.xlsx
  ✓ Git push: B1: 2026-03-30 — 101 plays
============================================================
PropEdge V9.2 — BATCH 1: PREDICT
  Date: 2026-03-31 | 2026-03-31 08:07 UTC+01:00
============================================================

  Fetching props for 2026-03-31 (Batch 1)...
    Credits: 19682 events
    7 games on 2026-03-31
    Credits: 19676 
    ✓ PHX @ ORL: 12 props
    Credits: 19670 
    ✓ CHA @ BKN: 12 props
    Credits: 19664 
    ✓ DAL @ MIL: 10 props
    Credits: 19661 
    ✓ TOR @ DET: 13 props
    Credits: 19652 
    ✓ NYK @ HOU: 13 props
    Credits: 19646 
    ✓ CLE @ LAL: 12 props
    Credits: 19640 
    ✓ POR @ LAC: 12 props
  Total: 84 props across 7 games

  Running predictions (live rolling, DNP-safe)...
  83 predictions (78 conviction + 5 leans, 1 skipped)
    Skips: 1 no_player

  ✓ today.json: 83 plays (5 T1, 19 T2)
    Added:83 Updated:0 Preserved:0
  ✓ Daily Excel: 2026-03-31.xlsx
  ✓ Git push: B1: 2026-03-31 — 83 plays
============================================================
PropEdge V11.0 — BATCH 1: PREDICT
  Date: 2026-04-02 | 2026-04-02 08:00 UTC+01:00
============================================================

  Fetching props for 2026-04-02 (Batch 1)...
    Credits: 19219 events
    6 games on 2026-04-02
    Credits: 19216 
    ✓ PHX @ CHA: 15 props
    Credits: 19198 
    ✓ MIN @ DET: 14 props
    Credits: 19183 
    ✓ LAL @ OKC: 15 props
    Credits: 19171 
    ✓ CLE @ GSW: 10 props
    Credits: 19162 
    ✓ NOP @ POR: 14 props
    Credits: 19153 
    ✓ SAS @ LAC: 15 props
  Total: 83 props across 6 games

  Running predictions (live rolling, DNP-safe)...
  83 predictions (75 conviction + 8 leans, 0 skipped)

  ✓ today.json: 83 plays (4 T1, 11 T2)
    Added:83 Updated:0 Preserved:0
  ✓ Daily Excel: 2026-04-02.xlsx
  ✓ Git push: B1: 2026-04-02 — 83 plays
