============================================================
PropEdge V9.2 — BATCH 2: PREDICT
  Date: 2026-03-30 | 2026-03-30 18:00 UTC+01:00
============================================================

  Fetching props for 2026-03-30 (Batch 2)...
    Credits: 1033 events
    8 games on 2026-03-30
    Credits: 1027 
    ✓ PHI @ MIA: 12 props
    Credits: 1021 
    ✓ BOS @ ATL: 13 props
    Credits: 1018 
    ✓ CHI @ SAS: 15 props
    Credits: 1015 
    ✓ PHX @ MEM: 12 props
    Credits: 1009 
    ✓ MIN @ DAL: 15 props
    Credits: 1003 
    ✓ CLE @ UTA: 12 props
    Credits: 997 
    ✓ DET @ OKC: 12 props
    Credits: 991 
    ✓ WAS @ LAL: 12 props
  Total: 103 props across 8 games

  Running predictions (live rolling, DNP-safe)...
  101 predictions (96 conviction + 5 leans, 2 skipped)
    Skips: 2 no_player

  ✓ today.json: 101 plays (8 T1, 15 T2)
    Added:0 Updated:101 Preserved:0
  ✓ Daily Excel: 2026-03-30.xlsx
  ✓ Git push: B2: 2026-03-30 — 101 plays
============================================================
PropEdge V11.0 — BATCH 2: PREDICT
  Date: 2026-03-31 | 2026-03-31 18:00 UTC+01:00
============================================================

  Fetching props for 2026-03-31 (Batch 2)...
    Credits: 19592 events
    7 games on 2026-03-31
    Credits: 19586 
    ✓ PHX @ ORL: 12 props
    Credits: 19583 
    ✓ CHA @ BKN: 13 props
    Credits: 19577 
    ✓ DAL @ MIL: 11 props
    Credits: 19568 
    ✓ TOR @ DET: 13 props
    Credits: 19565 
    ✓ NYK @ HOU: 13 props
    Credits: 19559 
    ✓ CLE @ LAL: 12 props
    Credits: 19556 
    ✓ POR @ LAC: 12 props
  Total: 86 props across 7 games

  Running predictions (live rolling, DNP-safe)...
  85 predictions (79 conviction + 6 leans, 1 skipped)
    Skips: 1 no_player

  ✓ today.json: 85 plays (6 T1, 17 T2)
    Added:1 Updated:84 Preserved:0
  ✓ Daily Excel: 2026-03-31.xlsx
  ✓ Git: nothing to commit
============================================================
PropEdge V11.0 — BATCH 2: PREDICT
  Date: 2026-04-02 | 2026-04-02 18:00 UTC+01:00
============================================================

  Fetching props for 2026-04-02 (Batch 2)...
    Credits: 19129 events
    6 games on 2026-04-02
    Credits: 19126 
    ✓ PHX @ CHA: 15 props
    Credits: 19117 
    ✓ MIN @ DET: 14 props
    Credits: 19108 
    ✓ LAL @ OKC: 15 props
    Credits: 19099 
    ✓ CLE @ GSW: 12 props
    Credits: 19090 
    ✓ NOP @ POR: 14 props
    Credits: 19078 
    ✓ SAS @ LAC: 15 props
  Total: 85 props across 6 games

  Running predictions (live rolling, DNP-safe)...
  85 predictions (77 conviction + 8 leans, 0 skipped)

  ✓ today.json: 85 plays (3 T1, 12 T2)
    Added:2 Updated:83 Preserved:0
  ✓ Daily Excel: 2026-04-02.xlsx
  ✓ Git push: B2: 2026-04-02 — 85 plays
============================================================
PropEdge V11.0 — BATCH 2: PREDICT
  Date: 2026-04-03 | 2026-04-03 18:00 UTC+01:00
============================================================

  Fetching props for 2026-04-03 (Batch 2)...
    Credits: 18916 events
    9 games on 2026-04-03
    Credits: 18913 
    ✓ IND @ CHA: 13 props
    Credits: 18904 
    ✓ MIN @ PHI: 13 props
    ✗ Atlanta Hawks @ Brooklyn Nets: 503 Server Error: Service Unavailable for url: https://api.the-odds-api.com/v4/sports/basketball_nba/events/cb55f248d8dbb539ca55edf31d762f6a/odds?apiKey=a77b14b513399a472139e58390aac514&regions=us&markets=player_points%2Cspreads%2Ctotals&oddsFormat=american&dateFormat=iso
    Credits: 18883 
    ✓ CHI @ NYK: 11 props
    Credits: 18874 
    ✓ BOS @ MIL: 11 props
    Credits: 18865 
    ✓ UTA @ HOU: 10 props
    Credits: 18847 
    ✓ TOR @ MEM: 10 props
    Credits: 18814 
    ✓ ORL @ DAL: 12 props
    Credits: 18811 
    ✓ NOP @ SAC: 12 props
  Total: 92 props across 9 games

  Running predictions (live rolling, DNP-safe)...
  92 predictions (87 conviction + 5 leans, 0 skipped)

  ✓ today.json: 103 plays (3 T1, 15 T2)
    Added:2 Updated:90 Preserved:11
  ✓ Daily Excel: 2026-04-03.xlsx
  ✓ Git push: B2: 2026-04-03 — 92 plays
============================================================
PropEdge V11.0 — BATCH 2: PREDICT
  Date: 2026-04-04 | 2026-04-04 18:00 UTC+01:00
============================================================

  Fetching props for 2026-04-04 (Batch 2)...
============================================================
PropEdge V11.0 — BATCH 2: PREDICT
  Date: 2026-04-05 | 2026-04-05 18:00 UTC+01:00
============================================================

  Fetching props for 2026-04-05 (Batch 2)...
============================================================
PropEdge V11.0 — BATCH 2: PREDICT
  Date: 2026-04-06 | 2026-04-06 18:00 UTC+01:00
============================================================

  Fetching props for 2026-04-06 (Batch 2)...
    Credits: 9383 events
    5 games on 2026-04-06
    Credits: 9377 
    ✓ NYK @ ATL: 13 props
    Credits: 9371 
    ✓ DET @ ORL: 14 props
    Credits: 9353 
    ✓ CLE @ MEM: 5 props
    Credits: 9341 
    ✓ PHI @ SAS: 13 props
    Credits: 9329 
    ✓ POR @ DEN: 13 props
  Total: 58 props across 5 games

  Running predictions (live rolling, DNP-safe)...
  58 predictions (53 conviction + 5 leans, 0 skipped)

  ✓ today.json: 60 plays (2 T1, 8 T2)
    Added:0 Updated:58 Preserved:2
  ✓ Daily Excel: 2026-04-06.xlsx
  ✓ Git push: B2: 2026-04-06 — 58 plays
